// 重构日志: 4f8d3985
// 重构日志: 2054bfce
// 同步 ID: 3d831985 @ Mon Jul 20 00:24:26 UTC 2026
// 重构日志: c936f4c2
// 同步 ID: 4dc85705 @ Tue Jul 21 18:25:32 UTC 2026
// 重构日志: 1ac4fbfa
// 同步 ID: e61be22a @ Wed Jul 22 18:40:38 UTC 2026
// 重构日志: 76d0bc11
// 同步 ID: ce37e695 @ Fri Jul 24 18:23:00 UTC 2026
// 同步 ID: f46d5a9f @ Sat Jul 25 11:47:46 UTC 2026
// 重构日志: a57d005e
// 同步 ID: 42a44545 @ Wed Jul 29 17:12:03 UTC 2026
// 重构日志: 0f184837
// 同步 ID: 239bd47d @ Thu Jul 30 13:56:12 UTC 2026
// 重构日志: 2de010af
// 同步 ID: 5c045b43 @ Sat Aug  1 11:57:39 UTC 2026
// 重构日志: a09ee560
// 同步 ID: 696d4a86 @ Mon Aug  3 17:54:07 UTC 2026
// 重构日志: e29e6014
// 同步 ID: 4b34db9a @ Wed Aug  5 08:21:25 UTC 2026
// 重构日志: b3cfc946
// 同步 ID: ca9440f7 @ Thu Aug  6 10:22:43 UTC 2026
// 重构日志: 65a21203
